ASxxxx Linker V03.00 + NoICE + sdld,  page 1.
Hexadecimal  [32-Bits]

Area                                    Addr        Size        Decimal Bytes (Attributes)
--------------------------------        ----        ----        ------- ----- ------------
CABS                                00000000    00000000 =           0. bytes (ABS,CON,CODE)

      Value  Global                              Global Defined In Module
      -----  --------------------------------   ------------------------
C:   00000000  l_BIT_BANK                      
C:   00000000  l_CABS                          
C:   00000000  l_GSINIT                        
C:   00000000  l_GSINIT1                       
C:   00000000  l_GSINIT5                       
C:   00000000  l_IABS                          
C:   00000000  l_ISEG                          
C:   00000000  l_PSEG                          
C:   00000000  l_REG_BANK_1                    
C:   00000000  l_REG_BANK_2                    
C:   00000000  l_REG_BANK_3                    
C:   00000000  l_RSEG                          
C:   00000000  l_RSEG0                         
C:   00000000  l_RSEG1                         
C:   00000000  l_XABS                          
C:   00000000  l_XINIT                         
C:   00000000  l_XISEG                         
C:   00000000  l__CODE                         
C:   00000000  s_BSEG                          
C:   00000000  s_CABS                          
C:   00000000  s_DSEG                          
C:   00000000  s_HOME                          
C:   00000000  s_IABS                          
C:   00000000  s_ISEG                          
C:   00000000  s_REG_BANK_0                    
C:   00000000  s_RSEG                          
C:   00000000  s_RSEG0                         
C:   00000000  s_RSEG1                         
C:   00000000  s_XABS                          
C:   00000001  l_BSEG_BYTES                    
C:   00000001  s_PSEG                          
C:   00000001  s_XSEG                          
C:   00000002  l_BSEG                          
C:   00000003  l_GSFINAL                       
C:   00000003  l_GSINIT0                       
C:   00000006  l_HOME                          
C:   00000006  s_GSINIT0                       
C:   00000008  l_REG_BANK_0                    
C:   00000008  s_OSEG                          
C:   00000008  s_REG_BANK_1                    
C:   00000009  s_GSINIT1                       
C:   00000009  s_GSINIT2                       
C:   0000000A  l_GSINIT2                       
C:   00000010  s_REG_BANK_2                    
C:   00000013  s_GSINIT3                       
C:   00000015  l_OSEG                          
C:   00000018  s_BIT_BANK                      
C:   00000018  s_REG_BANK_3                    
C:   00000020  s_BSEG_BYTES                    
C:   00000020  s__CODE                         
ASxxxx Linker V03.00 + NoICE + sdld,  page 2.
Hexadecimal  [32-Bits]

Area                                    Addr        Size        Decimal Bytes (Attributes)
--------------------------------        ----        ----        ------- ----- ------------
CABS                                00000000    00000000 =           0. bytes (ABS,CON,CODE)

      Value  Global                              Global Defined In Module
      -----  --------------------------------   ------------------------
C:   00000022  l_GSINIT3                       
C:   0000002A  l_GSINIT4                       
C:   00000035  s_GSINIT4                       
C:   00000056  s_SSEG                          
C:   0000005F  s_GSFINAL                       
C:   0000005F  s_GSINIT                        
C:   0000005F  s_GSINIT5                       
C:   00000062  s_CSEG                          
C:   0000007D  l_DSEG                          
C:   000000AA  l_SSEG                          
C:   00000100  l_IRAM                          
C:   000001FF  l_CONST                         
C:   00000276  l_XSEG                          
C:   00000277  s_XISEG                         
C:   00002F6E  l_CSEG                          
C:   00002FD0  s_CONST                         
C:   000031CF  s_XINIT                         

ASxxxx Linker V03.00 + NoICE + sdld,  page 3.
Hexadecimal  [32-Bits]

Area                                    Addr        Size        Decimal Bytes (Attributes)
--------------------------------        ----        ----        ------- ----- ------------
.  .ABS.                            00000000    00000000 =           0. bytes (ABS,CON)

      Value  Global                              Global Defined In Module
      -----  --------------------------------   ------------------------
     00000000  .__.ABS.                           _fsget1arg
     00000080  _P0                                main
     00000080  _P0_SB_D0                          main
     00000081  _P0_SB_D1                          main
     00000081  _SP                                main
     00000082  _DPL                               main
     00000082  _P0_SB_D2                          main
     00000083  _DPH                               main
     00000083  _P0_SB_D3                          main
     00000084  _DPL1                              main
     00000084  _P0_SB_D4                          main
     00000085  _DPH1                              main
     00000085  _P0_SB_D5                          main
     00000086  _P0_SB_D6                          main
     00000087  _P0_SB_D7                          main
     00000087  _PCON                              main
     00000088  _TCON                              main
     00000088  _TCON_SB_IT0                       main
     00000089  _TCON_SB_IE0                       main
     00000089  _TMOD                              main
     0000008A  _TCON_SB_IT1                       main
     0000008A  _TL0                               main
     0000008B  _TCON_SB_IE1                       main
     0000008B  _TL1                               main
     0000008C  _TCON_SB_TR0                       main
     0000008C  _TH0                               main
     0000008D  _TCON_SB_TF0                       main
     0000008D  _TH1                               main
     0000008E  _TCON_SB_TR1                       main
     0000008F  _P3CON                             main
     0000008F  _TCON_SB_TF1                       main
     00000090  _P1                                main
     00000090  _P1_SB_D0                          main
     00000091  _P1_SB_D1                          main
     00000092  _DPS                               main
     00000092  _P1_SB_D2                          main
     00000093  _P0DIR                             main
     00000093  _P1_SB_D3                          main
     00000094  _P1DIR                             main
     00000094  _P1_SB_D4                          main
     00000095  _P1_SB_D5                          main
     00000095  _P2DIR                             main
     00000096  _P1_SB_D6                          main
     00000096  _P3DIR                             main
     00000097  _P1_SB_D7                          main
     00000097  _P2CON                             main
     00000098  _S0CON                             main
     00000098  _S0CON_SB_RI0                      main
     00000099  _S0BUF                             main
     00000099  _S0CON_SB_TI0                      main
ASxxxx Linker V03.00 + NoICE + sdld,  page 4.
Hexadecimal  [32-Bits]

Area                                    Addr        Size        Decimal Bytes (Attributes)
--------------------------------        ----        ----        ------- ----- ------------
.  .ABS.                            00000000    00000000 =           0. bytes (ABS,CON)

      Value  Global                              Global Defined In Module
      -----  --------------------------------   ------------------------
     0000009A  _S0CON_SB_RB80                     main
     0000009B  _S0CON_SB_TB80                     main
     0000009C  _S0CON_SB_REN0                     main
     0000009D  _S0CON_SB_SM20                     main
     0000009E  _P0CON                             main
     0000009E  _S0CON_SB_SM1                      main
     0000009F  _P1CON                             main
     0000009F  _S0CON_SB_SM0                      main
     000000A0  _P2                                main
     000000A0  _P2_SB_D0                          main
     000000A1  _P2_SB_D1                          main
     000000A1  _PWMDC0                            main
     000000A2  _P2_SB_D2                          main
     000000A2  _PWMDC1                            main
     000000A3  _CLKCTRL                           main
     000000A3  _P2_SB_D3                          main
     000000A4  _P2_SB_D4                          main
     000000A4  _PWRDWN                            main
     000000A5  _P2_SB_D5                          main
     000000A5  _WUCON                             main
     000000A6  _INTEXP                            main
     000000A6  _P2_SB_D6                          main
     000000A7  _MEMCON                            main
     000000A7  _P2_SB_D7                          main
     000000A8  _IEN0                              main
     000000A8  _IEN0_SB_IFP                       main
     000000A9  _IEN0_SB_T0                        main
     000000A9  _IP0                               main
     000000AA  _IEN0_SB_POFIRQ                    main
     000000AA  _S0RELL                            main
     000000AB  _IEN0_SB_T1                        main
     000000AB  _RTC2CPT01                         main
     000000AC  _IEN0_SB_UART                      main
     000000AC  _RTC2CPT10                         main
     000000AD  _CLKLFCTRL                         main
     000000AD  _IEN0_SB_T2                        main
     000000AE  _OPMCON                            main
     000000AF  _IEN0_SB_GLOBAL                    main
     000000AF  _WDSV                              main
     000000B0  _P3                                main
     000000B0  _P3_SB_D0                          main
     000000B1  _P3_SB_D1                          main
     000000B1  _RSTREAS                           main
     000000B2  _P3_SB_D2                          main
     000000B2  _PWMCON                            main
     000000B3  _P3_SB_D3                          main
     000000B3  _RTC2CON                           main
     000000B4  _P3_SB_D4                          main
     000000B4  _RTC2CMP0                          main
     000000B5  _P3_SB_D5                          main
     000000B5  _RTC2CMP1                          main
ASxxxx Linker V03.00 + NoICE + sdld,  page 5.
Hexadecimal  [32-Bits]

Area                                    Addr        Size        Decimal Bytes (Attributes)
--------------------------------        ----        ----        ------- ----- ------------
.  .ABS.                            00000000    00000000 =           0. bytes (ABS,CON)

      Value  Global                              Global Defined In Module
      -----  --------------------------------   ------------------------
     000000B6  _P3_SB_D6                          main
     000000B6  _RTC2CPT00                         main
     000000B7  _P3_SB_D7                          main
     000000B7  _SPISRDSZ                          main
     000000B8  _IEN1                              main
     000000B8  _IEN1_SB_RFRDY                     main
     000000B9  _IEN1_SB_RFIRQ                     main
     000000B9  _IP1                               main
     000000BA  _IEN1_SB_SPI_2WIRE                 main
     000000BA  _S0RELH                            main
     000000BB  _IEN1_SB_WUOPIRQ                   main
     000000BC  _IEN1_SB_MISCIRQ                   main
     000000BC  _SPISCON0                          main
     000000BD  _IEN1_SB_TICK                      main
     000000BD  _SPISCON1                          main
     000000BE  _SPISSTAT                          main
     000000BF  _IEN1_SB_T2EXTRLD                  main
     000000BF  _SPISDAT                           main
     000000C0  _IRCON                             main
     000000C0  _IRCON_SB_RFRDY                    main
     000000C1  _CCEN                              main
     000000C1  _IRCON_SB_RFIRQ                    main
     000000C2  _CCL1                              main
     000000C2  _IRCON_SB_SPI_2WIRE                main
     000000C3  _CCH1                              main
     000000C3  _IRCON_SB_WUOPIRQ                  main
     000000C4  _CCL2                              main
     000000C4  _IRCON_SB_MISCIRQ                  main
     000000C5  _CCH2                              main
     000000C5  _IRCON_SB_TICK                     main
     000000C6  _CCL3                              main
     000000C6  _IRCON_SB_TF2                      main
     000000C7  _CCH3                              main
     000000C7  _IRCON_SB_EXF2                     main
     000000C8  _T2CON                             main
     000000C8  _T2CON_SB_T2I0                     main
     000000C9  _MPAGE                             main
     000000C9  _T2CON_SB_T2I1                     main
     000000C9  __XPAGE                            main
     000000CA  _CRCL                              main
     000000CA  _T2CON_SB_T2CM                     main
     000000CB  _CRCH                              main
     000000CB  _T2CON_SB_T2R0                     main
     000000CC  _T2CON_SB_T2R1                     main
     000000CC  _TL2                               main
     000000CD  _T2CON_SB_I2FR                     main
     000000CD  _TH2                               main
     000000CE  _T2CON_SB_I3FR                     main
     000000CE  _WUOPC1                            main
     000000CF  _T2CON_SB_T2PS                     main
     000000CF  _WUOPC0                            main
ASxxxx Linker V03.00 + NoICE + sdld,  page 6.
Hexadecimal  [32-Bits]

Area                                    Addr        Size        Decimal Bytes (Attributes)
--------------------------------        ----        ----        ------- ----- ------------
.  .ABS.                            00000000    00000000 =           0. bytes (ABS,CON)

      Value  Global                              Global Defined In Module
      -----  --------------------------------   ------------------------
     000000D0  _PSW                               main
     000000D0  _PSW_SB_P                          main
     000000D1  _ADCCON3                           main
     000000D1  _PSW_SB_F1                         main
     000000D2  _ADCCON2                           main
     000000D2  _PSW_SB_OV                         main
     000000D3  _ADCCON1                           main
     000000D3  _PSW_SB_RS0                        main
     000000D4  _ADCDATH                           main
     000000D4  _PSW_SB_RS1                        main
     000000D5  _ADCDATL                           main
     000000D5  _PSW_SB_F0                         main
     000000D6  _PSW_SB_AC                         main
     000000D6  _RNGCTL                            main
     000000D7  _PSW_SB_CY                         main
     000000D7  _RNGDAT                            main
     000000D8  _ADCON                             main
     000000D9  _W2SADR                            main
     000000DA  _W2DAT                             main
     000000DB  _COMPCON                           main
     000000DC  _POFCON                            main
     000000DD  _CCPDATIA                          main
     000000DE  _CCPDATIB                          main
     000000DF  _ADCON_SB_BD                       main
     000000DF  _CCPDATO                           main
     000000E0  _ACC                               main
     000000E1  _W2CON1                            main
     000000E2  _W2CON0                            main
     000000E4  _SPIRCON0                          main
     000000E5  _SPIRCON1                          main
     000000E6  _SPIRSTAT                          main
     000000E7  _SPIRDAT                           main
     000000E8  _RFCON                             main
     000000E8  _RFCON_SB_RFCE                     main
     000000E9  _MD0                               main
     000000E9  _RFCON_SB_RFCSN                    main
     000000EA  _MD1                               main
     000000EA  _RFCON_SB_RFCKEN                   main
     000000EB  _MD2                               main
     000000EC  _MD3                               main
     000000ED  _MD4                               main
     000000EE  _MD5                               main
     000000EF  _ARCON                             main
     000000F0  _B                                 main
     000000F5  _B_5                               _gptrget
     000000F6  _B_6                               _gptrget
     000000F7  _B_7                               _gptrget
     000000F8  _FSR                               main
     000000F9  _FPCR                              main
     000000FA  _FCR                               main
     000000FA  _FSR_SB_RDISMB                     main
ASxxxx Linker V03.00 + NoICE + sdld,  page 7.
Hexadecimal  [32-Bits]

Area                                    Addr        Size        Decimal Bytes (Attributes)
--------------------------------        ----        ----        ------- ----- ------------
.  .ABS.                            00000000    00000000 =           0. bytes (ABS,CON)

      Value  Global                              Global Defined In Module
      -----  --------------------------------   ------------------------
     000000FB  _FSR_SB_INFEN                      main
     000000FC  _FSR_SB_RDYN                       main
     000000FC  _SPIMCON0                          main
     000000FD  _FSR_SB_WEN                        main
     000000FD  _SPIMCON1                          main
     000000FE  _FSR_SB_STP                        main
     000000FE  _SPIMSTAT                          main
     000000FF  _FSR_SB_ENDBG                      main
     000000FF  _SPIMDAT                           main
     00008C8A  _T0                                main
     00008D8B  _T1                                main
     0000BAAA  _S0REL                             main
     0000C3C2  _CC1                               main
     0000C5C4  _CC2                               main
     0000C7C6  _CC3                               main
     0000CBCA  _CRC                               main
     0000CDCC  _T2                                main
     0000D4D5  _ADCDAT                            main
     0000FC00  _config                            main
ASxxxx Linker V03.00 + NoICE + sdld,  page 8.
Hexadecimal  [32-Bits]

Area                                    Addr        Size        Decimal Bytes (Attributes)
--------------------------------        ----        ----        ------- ----- ------------
BSEG_BYTES                          00000020    00000001 =           1. bytes (REL,CON)

      Value  Global                              Global Defined In Module
      -----  --------------------------------   ------------------------
ASxxxx Linker V03.00 + NoICE + sdld,  page 9.
Hexadecimal  [32-Bits]

Area                                    Addr        Size        Decimal Bytes (Attributes)
--------------------------------        ----        ----        ------- ----- ------------
REG_BANK_0                          00000000    00000008 =           8. bytes (REL,OVR)

      Value  Global                              Global Defined In Module
      -----  --------------------------------   ------------------------
ASxxxx Linker V03.00 + NoICE + sdld,  page 10.
Hexadecimal  [32-Bits]

Area                                    Addr        Size        Decimal Bytes (Attributes)
--------------------------------        ----        ----        ------- ----- ------------
DSEG                                00000000    0000007D =         125. bytes (REL,CON)

      Value  Global                              Global Defined In Module
      -----  --------------------------------   ------------------------
ASxxxx Linker V03.00 + NoICE + sdld,  page 11.
Hexadecimal  [32-Bits]

Area                                    Addr        Size        Decimal Bytes (Attributes)
--------------------------------        ----        ----        ------- ----- ------------
OSEG                                00000008    00000015 =          21. bytes (REL,OVR)

      Value  Global                              Global Defined In Module
      -----  --------------------------------   ------------------------
ASxxxx Linker V03.00 + NoICE + sdld,  page 12.
Hexadecimal  [32-Bits]

Area                                    Addr        Size        Decimal Bytes (Attributes)
--------------------------------        ----        ----        ------- ----- ------------
SSEG                                00000056    000000AA =         170. bytes (REL,OVR)

      Value  Global                              Global Defined In Module
      -----  --------------------------------   ------------------------
     00000056  __start__stack                     main

ASxxxx Linker V03.00 + NoICE + sdld,  page 13.
Hexadecimal  [32-Bits]

Area                                    Addr        Size        Decimal Bytes (Attributes)
--------------------------------        ----        ----        ------- ----- ------------
XSEG                                00000001    00000276 =         630. bytes (REL,CON,XDATA)

      Value  Global                              Global Defined In Module
      -----  --------------------------------   ------------------------
D:   00000007  _gpio_pin_configure_PARM_2         main
D:   0000000D  _interrupt_configure_ifp_PARM_2    main
D:   0000000F  _w2_configure_PARM_2               main
D:   00000012  _w2_master_cur_address_read_PARM   main
D:   00000015  _w2_master_cur_address_read_PARM   main
D:   0000001D  _w2_master_random_address_read_P   main
D:   00000020  _w2_master_random_address_read_P   main
D:   00000021  _w2_master_random_address_read_P   main
D:   00000024  _w2_master_random_address_read_P   main
D:   00000029  _w2_master_rx_byte_PARM_2          main
D:   0000002E  _w2_master_tx_byte_PARM_2          main
D:   00000030  _w2_master_write_control_bytes_P   main
D:   00000033  _w2_master_write_control_bytes_P   main
D:   00000035  _w2_master_write_to_PARM_2         main
D:   00000038  _w2_master_write_to_PARM_3         main
D:   00000039  _w2_master_write_to_PARM_4         main
D:   0000003C  _w2_master_write_to_PARM_5         main
D:   00000043  _rf_read_rx_payload_PARM_2         main
D:   00000048  _rf_configure_debug_lite_PARM_2    main
D:   0000004B  _rf_write_register_PARM_2          main
D:   0000004E  _rf_write_register_PARM_3          main
D:   00000051  _rf_write_tx_payload_PARM_2        main
D:   00000053  _rf_write_tx_payload_PARM_3        main
D:   0000005B  _rf_spi_execute_command_PARM_2     main
D:   0000005E  _rf_spi_execute_command_PARM_3     main
D:   00000060  _rf_spi_execute_command_PARM_4     main
D:   00000063  _rf_spi_send_read_PARM_2           main
D:   00000065  _rf_spi_send_read_PARM_3           main
D:   00000069  _rf_power_up_param_PARM_2          main
D:   0000006B  _rf_read_register_PARM_2           main
D:   0000006E  _rf_read_register_PARM_3           main
D:   00000072  _rf_set_rx_addr_PARM_2             main
D:   00000074  _rf_set_rx_addr_PARM_3             main
D:   00000097  _aes_add_round_key_PARM_2          main
D:   000000A2  _aes_key_expansion_PARM_2          main
D:   000000AC  _aes_initialize_PARM_2             main
D:   000000AD  _aes_initialize_PARM_3             main
D:   000000B0  _aes_initialize_PARM_4             main
D:   000000B6  _aes_data                          main
D:   000001F7  _aes_encrypt_ecb_PARM_2            main
D:   000001FA  _aes_encrypt_ecb_PARM_3            main
D:   00000201  _dhtread_PARM_2                    main
D:   00000232  _rfread_PARM_2                     main
D:   00000252  __divulong_PARM_2                  _divulong
D:   0000025E  _memcpy_PARM_2                     _memcpy
D:   00000261  _memcpy_PARM_3                     _memcpy
D:   00000266  __gptrput_PARM_2                   _gptrput
D:   00000267  __mulint_PARM_2                    _mulint
D:   00000269  __mullong_PARM_2                   _mullong
D:   0000026D  __divsint_PARM_2                   _divsint
ASxxxx Linker V03.00 + NoICE + sdld,  page 14.
Hexadecimal  [32-Bits]

Area                                    Addr        Size        Decimal Bytes (Attributes)
--------------------------------        ----        ----        ------- ----- ------------
XSEG                                00000001    00000276 =         630. bytes (REL,CON,XDATA)

      Value  Global                              Global Defined In Module
      -----  --------------------------------   ------------------------
D:   00000271  __divuint_PARM_2                   _divuint
ASxxxx Linker V03.00 + NoICE + sdld,  page 15.
Hexadecimal  [32-Bits]

Area                                    Addr        Size        Decimal Bytes (Attributes)
--------------------------------        ----        ----        ------- ----- ------------
HOME                                00000000    00000006 =           6. bytes (REL,CON,CODE)

      Value  Global                              Global Defined In Module
      -----  --------------------------------   ------------------------
C:   00000003  __sdcc_program_startup             main

ASxxxx Linker V03.00 + NoICE + sdld,  page 16.
Hexadecimal  [32-Bits]

Area                                    Addr        Size        Decimal Bytes (Attributes)
--------------------------------        ----        ----        ------- ----- ------------
GSINIT0                             00000006    00000003 =           3. bytes (REL,CON,CODE)

      Value  Global                              Global Defined In Module
      -----  --------------------------------   ------------------------
C:   00000006  __sdcc_gsinit_startup              

ASxxxx Linker V03.00 + NoICE + sdld,  page 17.
Hexadecimal  [32-Bits]

Area                                    Addr        Size        Decimal Bytes (Attributes)
--------------------------------        ----        ----        ------- ----- ------------
GSINIT2                             00000009    0000000A =          10. bytes (REL,CON,CODE)

      Value  Global                              Global Defined In Module
      -----  --------------------------------   ------------------------
ASxxxx Linker V03.00 + NoICE + sdld,  page 18.
Hexadecimal  [32-Bits]

Area                                    Addr        Size        Decimal Bytes (Attributes)
--------------------------------        ----        ----        ------- ----- ------------
GSINIT3                             00000013    00000022 =          34. bytes (REL,CON,CODE)

      Value  Global                              Global Defined In Module
      -----  --------------------------------   ------------------------
C:   00000013  __mcs51_genXINIT                   

ASxxxx Linker V03.00 + NoICE + sdld,  page 19.
Hexadecimal  [32-Bits]

Area                                    Addr        Size        Decimal Bytes (Attributes)
--------------------------------        ----        ----        ------- ----- ------------
GSINIT4                             00000035    0000002A =          42. bytes (REL,CON,CODE)

      Value  Global                              Global Defined In Module
      -----  --------------------------------   ------------------------
C:   00000035  __mcs51_genRAMCLEAR                
C:   0000003B  __mcs51_genXRAMCLEAR               

ASxxxx Linker V03.00 + NoICE + sdld,  page 20.
Hexadecimal  [32-Bits]

Area                                    Addr        Size        Decimal Bytes (Attributes)
--------------------------------        ----        ----        ------- ----- ------------
GSFINAL                             0000005F    00000003 =           3. bytes (REL,CON,CODE)

      Value  Global                              Global Defined In Module
      -----  --------------------------------   ------------------------
ASxxxx Linker V03.00 + NoICE + sdld,  page 21.
Hexadecimal  [32-Bits]

Area                                    Addr        Size        Decimal Bytes (Attributes)
--------------------------------        ----        ----        ------- ----- ------------
CSEG                                00000062    00002F6E =       12142. bytes (REL,CON,CODE)

      Value  Global                              Global Defined In Module
      -----  --------------------------------   ------------------------
C:   00000062  _delay_us                          main
C:   000000A3  _delay_s                           main
C:   000000DF  _delay_ms                          main
C:   0000011B  _gpio_pin_configure                main
C:   00000317  _gpio_pin_val_clear                main
C:   00000383  _gpio_pin_val_set                  main
C:   000003EB  _gpio_pin_val_read                 main
C:   0000047F  _interrupt_configure_ifp           main
C:   000004F1  _w2_configure                      main
C:   00000535  _w2_master_cur_address_read        main
C:   00000648  _w2_master_process_start_request   main
C:   0000065D  _w2_master_process_stop_request    main
C:   00000671  _w2_master_random_address_read     main
C:   000006E2  _w2_master_rx_byte                 main
C:   0000072D  _w2_master_software_reset          main
C:   00000784  _w2_master_tx_byte                 main
C:   000007B4  _w2_master_write_control_bytes     main
C:   00000832  _w2_master_write_to                main
C:   00000956  _w2_wait_for_byte_tx_or_rx         main
C:   00000969  _rf_read_rx_payload                main
C:   000009BE  _rf_configure_debug_lite           main
C:   00000A23  _rf_write_register                 main
C:   00000A61  _rf_spi_configure_enable           main
C:   00000A68  _rf_write_tx_payload               main
C:   00000ABD  _rf_transmit                       main
C:   00000ACE  _rf_set_as_rx                      main
C:   00000B2C  _rf_irq_clear_all                  main
C:   00000B50  _rf_set_as_tx                      main
C:   00000B98  _rf_spi_execute_command            main
C:   00000BF4  _rf_spi_send_read                  main
C:   00000C87  _rf_power_up_param                 main
C:   00000CD4  _rf_read_register                  main
C:   00000D10  _rf_spi_send_read_byte             main
C:   00000D24  _rf_set_rx_addr                    main
C:   00000D6D  _rf_power_down                     main
C:   00000DB5  _rf_power_up                       main
C:   00000E24  _rf_tx_fifo_is_full                main
C:   00000E50  _radiobegin                        main
C:   00000EF7  _setChannel                        main
C:   00000F18  _setDataRate                       main
C:   00000F7C  _setAutoAck                        main
C:   00000FAF  _setCRCLength                      main
C:   00001013  _setPALevel                        main
C:   00001052  _openAllPipe                       main
C:   000010F4  _watchdog_set_wdsv_count           main
C:   0000110C  _watchdog_start_and_set_timeout_   main
C:   000011C5  _pwr_clk_mgmt_clklf_configure      main
C:   000011DA  _enc_dec_accel_galois_multiply     main
C:   000011ED  _aes_get_sbox                      main
C:   000011FB  _aes_add_round_key                 main
ASxxxx Linker V03.00 + NoICE + sdld,  page 22.
Hexadecimal  [32-Bits]

Area                                    Addr        Size        Decimal Bytes (Attributes)
--------------------------------        ----        ----        ------- ----- ------------
CSEG                                00000062    00002F6E =       12142. bytes (REL,CON,CODE)

      Value  Global                              Global Defined In Module
      -----  --------------------------------   ------------------------
C:   000012B0  _aes_sub_word                      main
C:   00001394  _aes_rot_word                      main
C:   0000141C  _aes_get_rcon                      main
C:   00001433  _aes_key_expansion                 main
C:   0000181E  _aes_initialize                    main
C:   00001973  _aes_sub_bytes                     main
C:   00001A1E  _aes_mix_columns                   main
C:   00001BF9  _aes_shift_rows                    main
C:   00001D9E  _aes_encrypt_ecb                   main
C:   00001FBB  _waitpin                           main
C:   00001FE2  _dhtread                           main
C:   00002249  _OneWireReset                      main
C:   00002288  _OneWireOutByte                    main
C:   000022F4  _OneWireInByte                     main
C:   00002353  _dsread                            main
C:   000024E6  _bh1750init                        main
C:   000024F1  _bh1750read                        main
C:   0000262B  _rfsend                            main
C:   00002797  _rfread                            main
C:   00002836  _main                              main
C:   00002A4B  __divulong                         _divulong
C:   00002B56  _memcpy                            _memcpy
C:   00002BCA  __gptrput                          _gptrput
C:   00002BE5  __mulint                           _mulint
C:   00002C05  __mullong                          _mullong
C:   00002C05  __mullong_dummy                    _mullong
C:   00002C71  __divsint                          _divsint
C:   00002CE2  __divuint                          _divuint
C:   00002D7C  ___sint2fs                         _sint2fs
C:   00002D89  ___fs2uint                         _fs2uint
C:   00002D94  ___fsdiv                           _fsdiv
C:   00002E57  __gptrget                          _gptrget
C:   00002E73  ___slong2fs                        _slong2fs
C:   00002E7C  slong2fs_doit                      _slong2fs
C:   00002EA0  fsgetargs                          _fsget2args
C:   00002ECE  fs_normalize_a                     _fsnormalize
C:   00002F01  __sdcc_external_startup            _startup
C:   00002F05  ___fs2ulong                        _fs2ulong
C:   00002F07  fs2ulong_begin                     _fs2ulong
C:   00002F2C  fs_round_and_return                _fsreturnval
C:   00002F44  fs_zerocheck_return                _fsreturnval
C:   00002F4D  fs_return_zero                     _fsreturnval
C:   00002F55  fs_direct_return                   _fsreturnval
C:   00002F63  fs_return_inf                      _fsreturnval
C:   00002F70  fs_return_nan                      _fsreturnval
C:   00002F7B  fs_rshift_a                        _fsrshift
C:   00002FBE  fsgetarg                           _fsget1arg

ASxxxx Linker V03.00 + NoICE + sdld,  page 23.
Hexadecimal  [32-Bits]

Area                                    Addr        Size        Decimal Bytes (Attributes)
--------------------------------        ----        ----        ------- ----- ------------
CONST                               00002FD0    000001FF =         511. bytes (REL,CON,CODE)

      Value  Global                              Global Defined In Module
      -----  --------------------------------   ------------------------
ASxxxx Linker V03.00 + NoICE + sdld,  page 24.

Files Linked                              [ module(s) ]

build/obj/main.rel                        [  ]


Libraries Linked                          [ object file ]

/opt/sdcc/bin/../share/sdcc/lib/large/liblong.lib
                                          [ _divulong.rel ]
/opt/sdcc/bin/../share/sdcc/lib/large/mcs51.lib
                                          [ crtclear.rel ]
/opt/sdcc/bin/../share/sdcc/lib/large/libsdcc.lib
                                          [ _memcpy.rel ]
/opt/sdcc/bin/../share/sdcc/lib/large/mcs51.lib
                                          [ crtxinit.rel ]
/opt/sdcc/bin/../share/sdcc/lib/large/libsdcc.lib
                                          [ _gptrput.rel ]
/opt/sdcc/bin/../share/sdcc/lib/large/libint.lib
                                          [ _mulint.rel ]
/opt/sdcc/bin/../share/sdcc/lib/large/liblong.lib
                                          [ _mullong.rel ]
/opt/sdcc/bin/../share/sdcc/lib/large/mcs51.lib
                                          [ crtxclear.rel ]
/opt/sdcc/bin/../share/sdcc/lib/large/libint.lib
                                          [ _divsint.rel ]
/opt/sdcc/bin/../share/sdcc/lib/large/libint.lib
                                          [ _divuint.rel ]
/opt/sdcc/bin/../share/sdcc/lib/large/libfloat.lib
                                          [ _sint2fs.rel ]
/opt/sdcc/bin/../share/sdcc/lib/large/libfloat.lib
                                          [ _fs2uint.rel ]
/opt/sdcc/bin/../share/sdcc/lib/large/libfloat.lib
                                          [ _fsdiv.rel ]
/opt/sdcc/bin/../share/sdcc/lib/large/mcs51.lib
                                          [ crtstart.rel ]
/opt/sdcc/bin/../share/sdcc/lib/large/libsdcc.lib
                                          [ _gptrget.rel ]
/opt/sdcc/bin/../share/sdcc/lib/large/libfloat.lib
                                          [ _slong2fs.rel ]
/opt/sdcc/bin/../share/sdcc/lib/large/libfloat.lib
                                          [ _fsget2args.rel ]
/opt/sdcc/bin/../share/sdcc/lib/large/libfloat.lib
                                          [ _fsnormalize.rel ]
/opt/sdcc/bin/../share/sdcc/lib/large/libsdcc.lib
                                          [ _startup.rel ]
/opt/sdcc/bin/../share/sdcc/lib/large/libfloat.lib
                                          [ _fs2ulong.rel ]
/opt/sdcc/bin/../share/sdcc/lib/large/libfloat.lib
                                          [ _fsreturnval.rel ]
/opt/sdcc/bin/../share/sdcc/lib/large/libfloat.lib
                                          [ _fsrshift.rel ]
/opt/sdcc/bin/../share/sdcc/lib/large/libfloat.lib
                                          [ _fsget1arg.rel ]

ASxxxx Linker V03.00 + NoICE + sdld,  page 25.

User Base Address Definitions

HOME = 0x0000
XSEG = 0x0001
PSEG = 0x0001
ISEG = 0x0000
BSEG = 0x0000

